// Vitest Snapshot v1, https://vitest.dev/guide/snapshot.html

exports[`Projects Page > should render the projects page correctly 1`] = `
<div>
  <div
    class="text-ghost relative pt-10"
  >
    <main
      class="m-auto flex max-w-7xl flex-col items-center gap-10 px-4 pb-4"
    >
      <div
        class="text-center"
      >
        <h1
          class="mb-4 text-2xl font-extrabold sm:text-4xl"
        >
          Our Projects
        </h1>
        <p
          class="text-lg text-gray-400"
        >
          Explore the constellation of digital experiences crafted by Go Cosmic.
        </p>
      </div>
      <section
        aria-label="Our Projects"
        class="w-full"
      >
        <ul
          class="grid gap-6 sm:grid-cols-2 xl:grid-cols-4"
        >
          <li>
            <a
              aria-label="Daily Fortune"
              class="flex h-full flex-col items-center gap-4 rounded-lg bg-slate-800 px-6 py-8 transition-colors hover:bg-slate-700 focus:ring-2 focus:ring-blue-400 focus:outline-none"
              href="/projects/daily-fortune"
            >
              <svg
                aria-hidden="true"
                class="h-10 w-10 shrink-0 text-yellow-400"
                data-slot="icon"
                fill="currentColor"
                viewBox="0 0 24 24"
                xmlns="http://www.w3.org/2000/svg"
              >
                <path
                  clip-rule="evenodd"
                  d="M9 4.5a.75.75 0 0 1 .721.544l.813 2.846a3.75 3.75 0 0 0 2.576 2.576l2.846.813a.75.75 0 0 1 0 1.442l-2.846.813a3.75 3.75 0 0 0-2.576 2.576l-.813 2.846a.75.75 0 0 1-1.442 0l-.813-2.846a3.75 3.75 0 0 0-2.576-2.576l-2.846-.813a.75.75 0 0 1 0-1.442l2.846-.813A3.75 3.75 0 0 0 7.466 7.89l.813-2.846A.75.75 0 0 1 9 4.5ZM18 1.5a.75.75 0 0 1 .728.568l.258 1.036c.236.94.97 1.674 1.91 1.91l1.036.258a.75.75 0 0 1 0 1.456l-1.036.258c-.94.236-1.674.97-1.91 1.91l-.258 1.036a.75.75 0 0 1-1.456 0l-.258-1.036a2.625 2.625 0 0 0-1.91-1.91l-1.036-.258a.75.75 0 0 1 0-1.456l1.036-.258a2.625 2.625 0 0 0 1.91-1.91l.258-1.036A.75.75 0 0 1 18 1.5ZM16.5 15a.75.75 0 0 1 .712.513l.394 1.183c.15.447.5.799.948.948l1.183.395a.75.75 0 0 1 0 1.422l-1.183.395c-.447.15-.799.5-.948.948l-.395 1.183a.75.75 0 0 1-1.422 0l-.395-1.183a1.5 1.5 0 0 0-.948-.948l-1.183-.395a.75.75 0 0 1 0-1.422l1.183-.395c.447-.15.799-.5.948-.948l.395-1.183A.75.75 0 0 1 16.5 15Z"
                  fill-rule="evenodd"
                />
              </svg>
              <h2
                class="text-center text-xl font-bold"
              >
                Daily Fortune
              </h2>
              <p
                class="text-center text-sm text-gray-400"
              >
                A mobile app delivering daily cosmic fortunes and motivational messages powered by AI.
              </p>
            </a>
          </li>
          <li>
            <a
              aria-label="mcomper.at"
              class="flex h-full flex-col items-center gap-4 rounded-lg bg-slate-800 px-6 py-8 transition-colors hover:bg-slate-700 focus:ring-2 focus:ring-blue-400 focus:outline-none"
              href="/projects/mcomperat"
            >
              <svg
                aria-hidden="true"
                class="h-10 w-10 shrink-0 text-blue-400"
                data-slot="icon"
                fill="currentColor"
                viewBox="0 0 24 24"
                xmlns="http://www.w3.org/2000/svg"
              >
                <path
                  clip-rule="evenodd"
                  d="M7.5 6a4.5 4.5 0 1 1 9 0 4.5 4.5 0 0 1-9 0ZM3.751 20.105a8.25 8.25 0 0 1 16.498 0 .75.75 0 0 1-.437.695A18.683 18.683 0 0 1 12 22.5c-2.786 0-5.433-.608-7.812-1.7a.75.75 0 0 1-.437-.695Z"
                  fill-rule="evenodd"
                />
              </svg>
              <h2
                class="text-center text-xl font-bold"
              >
                mcomper.at
              </h2>
              <p
                class="text-center text-sm text-gray-400"
              >
                A modern, responsive web CV built with Next.js, TypeScript, and full internationalization.
              </p>
            </a>
          </li>
          <li>
            <a
              aria-label="PSC Supersprint"
              class="flex h-full flex-col items-center gap-4 rounded-lg bg-slate-800 px-6 py-8 transition-colors hover:bg-slate-700 focus:ring-2 focus:ring-blue-400 focus:outline-none"
              href="/projects/psc-supersprint"
            >
              <svg
                aria-hidden="true"
                class="h-10 w-10 shrink-0 text-orange-400"
                data-slot="icon"
                fill="currentColor"
                viewBox="0 0 24 24"
                xmlns="http://www.w3.org/2000/svg"
              >
                <path
                  clip-rule="evenodd"
                  d="M5.166 2.621v.858c-1.035.148-2.059.33-3.071.543a.75.75 0 0 0-.584.859 6.753 6.753 0 0 0 6.138 5.6 6.73 6.73 0 0 0 2.743 1.346A6.707 6.707 0 0 1 9.279 15H8.54c-1.036 0-1.875.84-1.875 1.875V19.5h-.75a2.25 2.25 0 0 0-2.25 2.25c0 .414.336.75.75.75h15a.75.75 0 0 0 .75-.75 2.25 2.25 0 0 0-2.25-2.25h-.75v-2.625c0-1.036-.84-1.875-1.875-1.875h-.739a6.706 6.706 0 0 1-1.112-3.173 6.73 6.73 0 0 0 2.743-1.347 6.753 6.753 0 0 0 6.139-5.6.75.75 0 0 0-.585-.858 47.077 47.077 0 0 0-3.07-.543V2.62a.75.75 0 0 0-.658-.744 49.22 49.22 0 0 0-6.093-.377c-2.063 0-4.096.128-6.093.377a.75.75 0 0 0-.657.744Zm0 2.629c0 1.196.312 2.32.857 3.294A5.266 5.266 0 0 1 3.16 5.337a45.6 45.6 0 0 1 2.006-.343v.256Zm13.5 0v-.256c.674.1 1.343.214 2.006.343a5.265 5.265 0 0 1-2.863 3.207 6.72 6.72 0 0 0 .857-3.294Z"
                  fill-rule="evenodd"
                />
              </svg>
              <h2
                class="text-center text-xl font-bold"
              >
                PSC Supersprint
              </h2>
              <p
                class="text-center text-sm text-gray-400"
              >
                A web application for managing and displaying real-time triathlon competition results.
              </p>
            </a>
          </li>
          <li>
            <a
              aria-label="Chœur des Pays du Mont Blanc"
              class="flex h-full flex-col items-center gap-4 rounded-lg bg-slate-800 px-6 py-8 transition-colors hover:bg-slate-700 focus:ring-2 focus:ring-blue-400 focus:outline-none"
              href="/projects/choeurdespaysdumontblanc"
            >
              <svg
                aria-hidden="true"
                class="h-10 w-10 shrink-0 text-purple-400"
                data-slot="icon"
                fill="currentColor"
                viewBox="0 0 24 24"
                xmlns="http://www.w3.org/2000/svg"
              >
                <path
                  clip-rule="evenodd"
                  d="M19.952 1.651a.75.75 0 0 1 .298.599V16.303a3 3 0 0 1-2.176 2.884l-1.32.377a2.553 2.553 0 1 1-1.403-4.909l2.311-.66a1.5 1.5 0 0 0 1.088-1.442V6.994l-9 2.572v9.737a3 3 0 0 1-2.176 2.884l-1.32.377a2.553 2.553 0 1 1-1.402-4.909l2.31-.66a1.5 1.5 0 0 0 1.088-1.442V5.25a.75.75 0 0 1 .544-.721l10.5-3a.75.75 0 0 1 .658.122Z"
                  fill-rule="evenodd"
                />
              </svg>
              <h2
                class="text-center text-xl font-bold"
              >
                Chœur des Pays du Mont Blanc
              </h2>
              <p
                class="text-center text-sm text-gray-400"
              >
                A website showcasing the choir's activities, concerts, and repertoire in Haute-Savoie.
              </p>
            </a>
          </li>
        </ul>
      </section>
    </main>
  </div>
</div>
`;
